2026-09-18 10:47:57  Command: train.py --out_dir runs/multitask_accum8 --tasks abnormal,acl,meniscus --max_epochs 100 --patience 20 --min_epochs 30 --lr 1e-5 --min_lr 1e-7 --accum_steps 8 --workers 6
2026-09-18 10:47:57  Args: {'data_dir': '/home/amanali/Desktop/MRNet-v1.0', 'tasks': 'abnormal,acl,meniscus', 'out_dir': 'runs/multitask_accum8', 'max_epochs': 100, 'patience': 20, 'min_epochs': 30, 'lr': 1e-05, 'min_lr': 1e-07, 'weight_decay': 1e-05, 'augment': True, 'pos_weight': True, 'no_amp': False, 'cudnn_benchmark': False, 'workers': 6, 'seed': 42, 'limit': None, 'accum_steps': 8, 'n_bootstrap': 2000}
2026-09-18 10:47:57  Device: cuda (NVIDIA GeForce RTX 5060 Ti) | AMP: True | torch 2.9.1+cu128
2026-09-18 10:47:57  Split mode: OFFICIAL -- 1130 train exams split 85/15 into train/val; official 120-exam validation set used as held-out TEST set.
2026-09-18 10:47:57  Stratification: {'train_vs_val': 'joint(abnormal,acl,meniscus)'}
2026-09-18 10:47:57    train: n= 960 | positives: abnormal=776, acl=177, meniscus=337 | sagittal->coronal substitutions: 0
2026-09-18 10:47:57    val  : n= 170 | positives: abnormal=137, acl=31, meniscus=60 | sagittal->coronal substitutions: 0
2026-09-18 10:47:57    test : n= 120 | positives: abnormal=95, acl=54, meniscus=52 | sagittal->coronal substitutions: 0
2026-09-18 10:47:57  Augmentation: {'max_rotate_deg': 10.0, 'max_translate_frac': 0.05, 'scale_range': [0.95, 1.05], 'contrast_factor_range': [0.9, 1.1], 'brightness_offset_range': [-0.1, 0.1], 'hflip_p': 0.5, 'hflip_rule': 'one decision per exam; axial & coronal flipped along the left-right image axis; sagittal not flipped in-plane (its left-right axis is the slice axis, and slice order is irrelevant under max-pooling)'}
2026-09-18 10:47:57  pos_weight (neg/pos on train): {'abnormal': 0.23711340206185566, 'acl': 4.423728813559322, 'meniscus': 1.8486646884272997}
2026-09-18 10:47:57  Model: shared ResNet50, tasks=['abnormal', 'acl', 'meniscus'] | params total=25,279,299 trainable=23,834,371 frozen=1,444,928
2026-09-18 10:50:15  Epoch 001/100 | lr 1.00e-05 | train loss 0.7655 AUC 0.5132 [abn=0.494 acl=0.516 men=0.529] | val loss 0.7638 AUC 0.5957 [abn=0.652 acl=0.567 men=0.569] | 138s (train 124s) | peak mem 2836 MB
2026-09-18 10:50:15    -> new best val mean AUC 0.5957 (epoch 1), checkpoint saved
2026-09-18 10:52:52  Epoch 002/100 | lr 1.00e-05 | train loss 0.7667 AUC 0.5109 [abn=0.507 acl=0.499 men=0.527] | val loss 0.7625 AUC 0.6283 [abn=0.642 acl=0.665 men=0.578] | 157s (train 143s) | peak mem 2829 MB
2026-09-18 10:52:52    -> new best val mean AUC 0.6283 (epoch 2), checkpoint saved
2026-09-18 10:55:09  Epoch 003/100 | lr 9.99e-06 | train loss 0.7643 AUC 0.5342 [abn=0.548 acl=0.536 men=0.518] | val loss 0.7606 AUC 0.6766 [abn=0.690 acl=0.665 men=0.675] | 137s (train 123s) | peak mem 2835 MB
2026-09-18 10:55:09    -> new best val mean AUC 0.6766 (epoch 3), checkpoint saved
2026-09-18 10:57:30  Epoch 004/100 | lr 9.98e-06 | train loss 0.7591 AUC 0.5785 [abn=0.599 acl=0.557 men=0.580] | val loss 0.7576 AUC 0.7088 [abn=0.735 acl=0.680 men=0.712] | 140s (train 126s) | peak mem 2834 MB
2026-09-18 10:57:30    -> new best val mean AUC 0.7088 (epoch 4), checkpoint saved
2026-09-18 10:59:47  Epoch 005/100 | lr 9.96e-06 | train loss 0.7546 AUC 0.6131 [abn=0.645 acl=0.591 men=0.603] | val loss 0.7522 AUC 0.7514 [abn=0.751 acl=0.758 men=0.745] | 137s (train 123s) | peak mem 2831 MB
2026-09-18 10:59:47    -> new best val mean AUC 0.7514 (epoch 5), checkpoint saved
2026-09-18 11:02:05  Epoch 006/100 | lr 9.94e-06 | train loss 0.7474 AUC 0.6482 [abn=0.669 acl=0.611 men=0.665] | val loss 0.7378 AUC 0.7363 [abn=0.736 acl=0.744 men=0.729] | 138s (train 124s) | peak mem 2834 MB
2026-09-18 11:04:22  Epoch 007/100 | lr 9.91e-06 | train loss 0.7224 AUC 0.7343 [abn=0.782 acl=0.703 men=0.718] | val loss 0.7332 AUC 0.7265 [abn=0.747 acl=0.732 men=0.701] | 137s (train 123s) | peak mem 2741 MB
2026-09-18 11:06:39  Epoch 008/100 | lr 9.88e-06 | train loss 0.6905 AUC 0.7591 [abn=0.787 acl=0.726 men=0.764] | val loss 0.7997 AUC 0.7048 [abn=0.742 acl=0.708 men=0.665] | 137s (train 123s) | peak mem 2834 MB
2026-09-18 11:08:55  Epoch 009/100 | lr 9.84e-06 | train loss 0.6258 AUC 0.8145 [abn=0.811 acl=0.826 men=0.807] | val loss 0.8894 AUC 0.6850 [abn=0.690 acl=0.731 men=0.634] | 137s (train 123s) | peak mem 2832 MB
2026-09-18 11:11:12  Epoch 010/100 | lr 9.80e-06 | train loss 0.5552 AUC 0.8488 [abn=0.850 acl=0.863 men=0.833] | val loss 0.9482 AUC 0.6932 [abn=0.659 acl=0.778 men=0.643] | 136s (train 122s) | peak mem 2741 MB
2026-09-18 11:13:29  Epoch 011/100 | lr 9.76e-06 | train loss 0.4935 AUC 0.8737 [abn=0.862 acl=0.910 men=0.850] | val loss 1.0082 AUC 0.6977 [abn=0.670 acl=0.773 men=0.650] | 137s (train 123s) | peak mem 2741 MB
2026-09-18 11:15:45  Epoch 012/100 | lr 9.71e-06 | train loss 0.4566 AUC 0.8863 [abn=0.870 acl=0.926 men=0.863] | val loss 0.9688 AUC 0.6965 [abn=0.629 acl=0.794 men=0.666] | 136s (train 122s) | peak mem 2836 MB
2026-09-18 11:18:01  Epoch 013/100 | lr 9.65e-06 | train loss 0.3939 AUC 0.9045 [abn=0.866 acl=0.964 men=0.884] | val loss 1.2532 AUC 0.7018 [abn=0.680 acl=0.762 men=0.663] | 136s (train 122s) | peak mem 2830 MB
2026-09-18 11:20:18  Epoch 014/100 | lr 9.59e-06 | train loss 0.3661 AUC 0.9144 [abn=0.882 acl=0.964 men=0.897] | val loss 1.3771 AUC 0.6670 [abn=0.609 acl=0.758 men=0.634] | 137s (train 123s) | peak mem 2832 MB
2026-09-18 11:22:34  Epoch 015/100 | lr 9.53e-06 | train loss 0.3371 AUC 0.9282 [abn=0.907 acl=0.978 men=0.900] | val loss 1.2946 AUC 0.6996 [abn=0.640 acl=0.792 men=0.666] | 136s (train 122s) | peak mem 2741 MB
2026-09-18 11:24:51  Epoch 016/100 | lr 9.46e-06 | train loss 0.3154 AUC 0.9285 [abn=0.889 acl=0.981 men=0.915] | val loss 1.7284 AUC 0.6941 [abn=0.636 acl=0.787 men=0.659] | 136s (train 122s) | peak mem 2834 MB
2026-09-18 11:27:07  Epoch 017/100 | lr 9.39e-06 | train loss 0.2792 AUC 0.9390 [abn=0.899 acl=0.991 men=0.927] | val loss 2.0969 AUC 0.6715 [abn=0.628 acl=0.753 men=0.634] | 136s (train 122s) | peak mem 2832 MB
2026-09-18 11:29:24  Epoch 018/100 | lr 9.31e-06 | train loss 0.2672 AUC 0.9314 [abn=0.877 acl=0.995 men=0.923] | val loss 1.7854 AUC 0.6689 [abn=0.604 acl=0.761 men=0.642] | 136s (train 122s) | peak mem 2741 MB
2026-09-18 11:31:40  Epoch 019/100 | lr 9.23e-06 | train loss 0.2332 AUC 0.9445 [abn=0.895 acl=0.996 men=0.942] | val loss 1.6152 AUC 0.6867 [abn=0.619 acl=0.799 men=0.642] | 136s (train 122s) | peak mem 2830 MB
2026-09-18 11:33:57  Epoch 020/100 | lr 9.14e-06 | train loss 0.2128 AUC 0.9546 [abn=0.916 acl=0.997 men=0.951] | val loss 2.3017 AUC 0.6630 [abn=0.583 acl=0.765 men=0.641] | 137s (train 123s) | peak mem 2832 MB
2026-09-18 11:36:13  Epoch 021/100 | lr 9.05e-06 | train loss 0.2041 AUC 0.9546 [abn=0.911 acl=0.998 men=0.955] | val loss 1.9754 AUC 0.6542 [abn=0.568 acl=0.781 men=0.613] | 136s (train 122s) | peak mem 2741 MB
2026-09-18 11:38:29  Epoch 022/100 | lr 8.96e-06 | train loss 0.1940 AUC 0.9586 [abn=0.913 acl=0.998 men=0.965] | val loss 1.4783 AUC 0.6815 [abn=0.600 acl=0.815 men=0.630] | 136s (train 122s) | peak mem 2836 MB
2026-09-18 11:40:46  Epoch 023/100 | lr 8.86e-06 | train loss 0.1751 AUC 0.9567 [abn=0.905 acl=0.999 men=0.966] | val loss 1.8346 AUC 0.7094 [abn=0.626 acl=0.823 men=0.680] | 136s (train 122s) | peak mem 2835 MB
2026-09-18 11:43:02  Epoch 024/100 | lr 8.76e-06 | train loss 0.1685 AUC 0.9597 [abn=0.903 acl=0.998 men=0.978] | val loss 3.0848 AUC 0.6569 [abn=0.602 acl=0.743 men=0.626] | 137s (train 122s) | peak mem 2741 MB
2026-09-18 11:45:19  Epoch 025/100 | lr 8.66e-06 | train loss 0.1564 AUC 0.9664 [abn=0.922 acl=1.000 men=0.978] | val loss 2.5057 AUC 0.6847 [abn=0.595 acl=0.826 men=0.633] | 136s (train 122s) | peak mem 2835 MB
2026-09-18 11:47:35  Epoch 026/100 | lr 8.55e-06 | train loss 0.1498 AUC 0.9688 [abn=0.922 acl=0.998 men=0.986] | val loss 1.9983 AUC 0.7150 [abn=0.635 acl=0.838 men=0.672] | 136s (train 122s) | peak mem 2833 MB
2026-09-18 11:49:52  Epoch 027/100 | lr 8.44e-06 | train loss 0.1300 AUC 0.9698 [abn=0.922 acl=1.000 men=0.987] | val loss 2.9203 AUC 0.6596 [abn=0.575 acl=0.793 men=0.611] | 137s (train 122s) | peak mem 2829 MB
2026-09-18 11:52:08  Epoch 028/100 | lr 8.32e-06 | train loss 0.1165 AUC 0.9713 [abn=0.920 acl=1.000 men=0.994] | val loss 2.2807 AUC 0.6867 [abn=0.614 acl=0.778 men=0.668] | 136s (train 122s) | peak mem 2741 MB
2026-09-18 11:54:25  Epoch 029/100 | lr 8.21e-06 | train loss 0.1249 AUC 0.9765 [abn=0.938 acl=0.999 men=0.993] | val loss 2.1210 AUC 0.7104 [abn=0.613 acl=0.853 men=0.665] | 136s (train 122s) | peak mem 2741 MB
2026-09-18 11:56:41  Epoch 030/100 | lr 8.08e-06 | train loss 0.1064 AUC 0.9777 [abn=0.939 acl=1.000 men=0.995] | val loss 2.2717 AUC 0.6967 [abn=0.600 acl=0.823 men=0.667] | 136s (train 122s) | peak mem 2835 MB
2026-09-18 11:56:41  Early stopping: no val mean AUC improvement for 20 epochs (best epoch 5, AUC 0.7514)
2026-09-18 11:56:41  Loading best checkpoint (epoch 5) for final evaluation
2026-09-18 11:57:06  TEST results (best checkpoint, evaluated once):
2026-09-18 11:57:06    AUC abnormal  0.6998  95% CI [0.5806, 0.8125]
2026-09-18 11:57:06    AUC acl       0.7539  95% CI [0.6604, 0.8373]
2026-09-18 11:57:06    AUC meniscus  0.6001  95% CI [0.4944, 0.6989]
2026-09-18 11:57:06    AUC mean      0.6846  95% CI [0.6185, 0.7448]
2026-09-18 11:57:06    abnormal  @0.5: sens 0.821 spec 0.400 | @Youden(val)=0.504: sens 0.747 spec 0.560
2026-09-18 11:57:06    acl       @0.5: sens 0.000 spec 1.000 | @Youden(val)=0.450: sens 0.889 spec 0.500
2026-09-18 11:57:06    meniscus  @0.5: sens 0.962 spec 0.176 | @Youden(val)=0.519: sens 0.635 spec 0.441
2026-09-18 11:57:06  Wrote runs/multitask_accum8/results.json | total time 69.2 min
